<*GNU-Linker-generated-mapfile*> 
Archive member included to satisfy reference by file (symbol)

d:\Program Files\dSPACE RCPHIL 2017-B\DS1202\Lib/librtversion.a(RtVersion.o)
                              (--whole-archive)
d:\Program Files\dSPACE RCPHIL 2017-B\DS1202\Lib/librtglobals.a(DsEESPort.o)
                              (--whole-archive)
d:\Program Files\dSPACE RCPHIL 2017-B\DS1202\Lib/libm_fastpow.a(w_pow.o)
                              Bilateral_Ankle_Exo.o07 (pow)
d:\Program Files\dSPACE RCPHIL 2017-B\DS1202\Lib/libm_fastpow.a(e_pow.o)
                              d:\Program Files\dSPACE RCPHIL 2017-B\DS1202\Lib/libm_fastpow.a(w_pow.o) (__ieee754_pow)
d:\Program Files\dSPACE RCPHIL 2017-B\DS1202\Lib/libm_fastpow.a(s_scalbn.o)
                              d:\Program Files\dSPACE RCPHIL 2017-B\DS1202\Lib/libm_fastpow.a(e_pow.o) (scalbn)

As-needed library included to satisfy reference by file (symbol)

libDsRealTimeTestingRP.so.1   rti_sim_engine.o07 (dsrtt_script_service_pre_computation)

Memory Configuration

Name             Origin             Length             Attributes
*default*        0x0000000000000000 0xffffffffffffffff

Linker script and memory map

LOAD C:\ProgramData\dSPACE\1184D92C-D928-4591-A1E9-B54339797C20\Compiler\QNX650_520\target\qnx6/ppcbe/lib/crt1.o
LOAD C:\ProgramData\dSPACE\1184D92C-D928-4591-A1E9-B54339797C20\Compiler\QNX650_520\target\qnx6/ppcbe/lib/crti.o
LOAD c:/programdata/dspace/1184d92c-d928-4591-a1e9-b54339797c20/compiler/qnx650_520/host/win32/x86/usr/bin/../lib/gcc/powerpc-unknown-nto-qnx6.5.0/5.2.0/crtbegin.o
                0x0000000000000000                _DSPACE_START = 0x0
                0x0000000000000000                _DSPACE_START_ = 0x0
                0x00000000000004b2                DS_TARGET_PLATFORM = 0x4b2
START GROUP
LOAD Bilateral_Ankle_Exo.o07
LOAD Bilateral_Ankle_Exo_data.o07
LOAD Bilateral_Ankle_Exo_trc_ptr.o07
LOAD rtGetInf.o07
LOAD rtGetNaN.o07
LOAD rt_nonfinite.o07
LOAD rti_sim_engine.o07
LOAD rti_init_c.o07
LOAD rt_sim.o07
LOAD rti_assert.o07
LOAD rtican_err1202.o07
LOAD d:\Program Files\dSPACE RCPHIL 2017-B\DS1202\Lib/librtcan.so
LOAD d:\Program Files\dSPACE RCPHIL 2017-B\DS1202\Lib/librtj1939.so
LOAD d:\Program Files\dSPACE RCPHIL 2017-B\DS1202\Lib/librtser.so
LOAD d:\Program Files\dSPACE RCPHIL 2017-B\DS1202\Lib/librt13xxio.so
LOAD d:\Program Files\dSPACE RCPHIL 2017-B\DS1202\Lib/librt1202.so
LOAD d:\Program Files\dSPACE RCPHIL 2017-B\DS1202\Lib/librtwrap.so
LOAD d:\Program Files\dSPACE RCPHIL 2017-B\DS1202\Lib/librtversion.a
LOAD d:\Program Files\dSPACE RCPHIL 2017-B\DS1202\Lib/librtglobals.a
LOAD d:\Program Files\dSPACE RCPHIL 2017-B\DS1202\Lib/libm_fastpow.a
END GROUP
LOAD d:\Program Files\dSPACE RCPHIL 2017-B\DS1202\Lib/libstdc++.so
LOAD C:\ProgramData\dSPACE\1184D92C-D928-4591-A1E9-B54339797C20\Compiler\QNX650_520\target\qnx6/ppcbe/lib/libm.so
LOAD c:/programdata/dspace/1184d92c-d928-4591-a1e9-b54339797c20/compiler/qnx650_520/host/win32/x86/usr/bin/../lib/gcc/powerpc-unknown-nto-qnx6.5.0/5.2.0\libgcc.a
LOAD C:\ProgramData\dSPACE\1184D92C-D928-4591-A1E9-B54339797C20\Compiler\QNX650_520\target\qnx6/ppcbe/lib/libc.so
LOAD C:\ProgramData\dSPACE\1184D92C-D928-4591-A1E9-B54339797C20\Compiler\QNX650_520\target\qnx6/ppcbe/lib\libc.a
LOAD c:/programdata/dspace/1184d92c-d928-4591-a1e9-b54339797c20/compiler/qnx650_520/host/win32/x86/usr/bin/../lib/gcc/powerpc-unknown-nto-qnx6.5.0/5.2.0\libgcc.a
LOAD c:/programdata/dspace/1184d92c-d928-4591-a1e9-b54339797c20/compiler/qnx650_520/host/win32/x86/usr/bin/../lib/gcc/powerpc-unknown-nto-qnx6.5.0/5.2.0/crtend.o
LOAD C:\ProgramData\dSPACE\1184D92C-D928-4591-A1E9-B54339797C20\Compiler\QNX650_520\target\qnx6/ppcbe/lib/crtn.o
                [!provide]                        PROVIDE (__stack, 0x0)
                [!provide]                        PROVIDE (___stack, 0x0)
                [!provide]                        PROVIDE (__executable_start, 0x48040000)
                0x0000000048040134                . = (0x48040000 + SIZEOF_HEADERS)

.interp         0x0000000048040134       0x14
 *(.interp)
 .interp        0x0000000048040134       0x14 C:\ProgramData\dSPACE\1184D92C-D928-4591-A1E9-B54339797C20\Compiler\QNX650_520\target\qnx6/ppcbe/lib/crt1.o

.note           0x0000000048040150       0x18
 .note          0x0000000048040150       0x18 C:\ProgramData\dSPACE\1184D92C-D928-4591-A1E9-B54339797C20\Compiler\QNX650_520\target\qnx6/ppcbe/lib/crtn.o

.note.gnu.build-id
                0x0000000048040168       0x20
 *(.note.gnu.build-id)
 .note.gnu.build-id
                0x0000000048040168       0x20 C:\ProgramData\dSPACE\1184D92C-D928-4591-A1E9-B54339797C20\Compiler\QNX650_520\target\qnx6/ppcbe/lib/crt1.o

.hash           0x0000000048040188      0x478
 *(.hash)
 .hash          0x0000000048040188      0x478 C:\ProgramData\dSPACE\1184D92C-D928-4591-A1E9-B54339797C20\Compiler\QNX650_520\target\qnx6/ppcbe/lib/crt1.o

.gnu.hash
 *(.gnu.hash)

.dynsym         0x0000000048040600      0x990
 *(.dynsym)
 .dynsym        0x0000000048040600      0x990 C:\ProgramData\dSPACE\1184D92C-D928-4591-A1E9-B54339797C20\Compiler\QNX650_520\target\qnx6/ppcbe/lib/crt1.o

.dynstr         0x0000000048040f90      0xce4
 *(.dynstr)
 .dynstr        0x0000000048040f90      0xce4 C:\ProgramData\dSPACE\1184D92C-D928-4591-A1E9-B54339797C20\Compiler\QNX650_520\target\qnx6/ppcbe/lib/crt1.o

.gnu.version    0x0000000048041c74        0x0
 *(.gnu.version)
 .gnu.version   0x0000000048041c74        0x0 C:\ProgramData\dSPACE\1184D92C-D928-4591-A1E9-B54339797C20\Compiler\QNX650_520\target\qnx6/ppcbe/lib/crt1.o

.gnu.version_d  0x0000000048041c74        0x0
 *(.gnu.version_d)
 .gnu.version_d
                0x0000000048041c74        0x0 C:\ProgramData\dSPACE\1184D92C-D928-4591-A1E9-B54339797C20\Compiler\QNX650_520\target\qnx6/ppcbe/lib/crt1.o

.gnu.version_r  0x0000000048041c74        0x0
 *(.gnu.version_r)
 .gnu.version_r
                0x0000000048041c74        0x0 C:\ProgramData\dSPACE\1184D92C-D928-4591-A1E9-B54339797C20\Compiler\QNX650_520\target\qnx6/ppcbe/lib/crt1.o

.rel.dyn
 *(.rel.init)
 *(.rel.text .rel.text.* .rel.gnu.linkonce.t.*)
 *(.rel.fini)
 *(.rel.rodata .rel.rodata.* .rel.gnu.linkonce.r.*)
 *(.rel.data.rel.ro* .rel.gnu.linkonce.d.rel.ro.*)
 *(.rel.data .rel.data.* .rel.gnu.linkonce.d.*)
 *(.rel.tdata .rel.tdata.* .rel.gnu.linkonce.td.*)
 *(.rel.tbss .rel.tbss.* .rel.gnu.linkonce.tb.*)
 *(.rel.ctors)
 *(.rel.dtors)
 *(.rel.got)
 *(.rel.sdata .rel.sdata.* .rel.gnu.linkonce.s.*)
 *(.rel.sbss .rel.sbss.* .rel.gnu.linkonce.sb.*)
 *(.rel.sdata2 .rel.sdata2.* .rel.gnu.linkonce.s2.*)
 *(.rel.sbss2 .rel.sbss2.* .rel.gnu.linkonce.sb2.*)
 *(.rel.bss .rel.bss.* .rel.gnu.linkonce.b.*)

.rela.dyn       0x0000000048041c74       0x6c
 *(.rela.init)
 *(.rela.text .rela.text.* .rela.gnu.linkonce.t.*)
 .rela.text     0x0000000048041c74        0x0 C:\ProgramData\dSPACE\1184D92C-D928-4591-A1E9-B54339797C20\Compiler\QNX650_520\target\qnx6/ppcbe/lib/crt1.o
 .rela.text.startup
                0x0000000048041c74        0x0 C:\ProgramData\dSPACE\1184D92C-D928-4591-A1E9-B54339797C20\Compiler\QNX650_520\target\qnx6/ppcbe/lib/crt1.o
 *(.rela.fini)
 *(.rela.rodata .rela.rodata.* .rela.gnu.linkonce.r.*)
 .rela.rodata   0x0000000048041c74        0x0 C:\ProgramData\dSPACE\1184D92C-D928-4591-A1E9-B54339797C20\Compiler\QNX650_520\target\qnx6/ppcbe/lib/crt1.o
 *(.rela.data .rela.data.* .rela.gnu.linkonce.d.*)
 *(.rela.tdata .rela.tdata.* .rela.gnu.linkonce.td.*)
 *(.rela.tbss .rela.tbss.* .rela.gnu.linkonce.tb.*)
 *(.rela.ctors)
 *(.rela.dtors)
 *(.rela.got)
 .rela.got      0x0000000048041c74       0x48 C:\ProgramData\dSPACE\1184D92C-D928-4591-A1E9-B54339797C20\Compiler\QNX650_520\target\qnx6/ppcbe/lib/crt1.o
 *(.rela.got1)
 *(.rela.got2)
 *(.rela.sdata .rela.sdata.* .rela.gnu.linkonce.s.*)
 *(.rela.sbss .rela.sbss.* .rela.gnu.linkonce.sb.*)
 .rela.sbss     0x0000000048041cbc        0x0 C:\ProgramData\dSPACE\1184D92C-D928-4591-A1E9-B54339797C20\Compiler\QNX650_520\target\qnx6/ppcbe/lib/crt1.o
 *(.rela.sdata2 .rela.sdata2.* .rela.gnu.linkonce.s2.*)
 *(.rela.sbss2 .rela.sbss2.* .rela.gnu.linkonce.sb2.*)
 *(.rela.bss .rela.bss.* .rela.gnu.linkonce.b.*)
 .rela.bss      0x0000000048041cbc       0x24 C:\ProgramData\dSPACE\1184D92C-D928-4591-A1E9-B54339797C20\Compiler\QNX650_520\target\qnx6/ppcbe/lib/crt1.o
 .rela.iplt     0x0000000048041ce0        0x0 C:\ProgramData\dSPACE\1184D92C-D928-4591-A1E9-B54339797C20\Compiler\QNX650_520\target\qnx6/ppcbe/lib/crt1.o

.rel.plt
 *(.rel.plt)

.rela.plt       0x0000000048041ce0      0x648
 *(.rela.plt)
 .rela.plt      0x0000000048041ce0      0x648 C:\ProgramData\dSPACE\1184D92C-D928-4591-A1E9-B54339797C20\Compiler\QNX650_520\target\qnx6/ppcbe/lib/crt1.o

.init           0x0000000048042328       0x24
 *(.init)
 .init          0x0000000048042328        0xc C:\ProgramData\dSPACE\1184D92C-D928-4591-A1E9-B54339797C20\Compiler\QNX650_520\target\qnx6/ppcbe/lib/crti.o
                0x0000000048042328                _init
 .init          0x0000000048042334        0x4 c:/programdata/dspace/1184d92c-d928-4591-a1e9-b54339797c20/compiler/qnx650_520/host/win32/x86/usr/bin/../lib/gcc/powerpc-unknown-nto-qnx6.5.0/5.2.0/crtbegin.o
 .init          0x0000000048042338        0x4 c:/programdata/dspace/1184d92c-d928-4591-a1e9-b54339797c20/compiler/qnx650_520/host/win32/x86/usr/bin/../lib/gcc/powerpc-unknown-nto-qnx6.5.0/5.2.0/crtend.o
 .init          0x000000004804233c       0x10 C:\ProgramData\dSPACE\1184D92C-D928-4591-A1E9-B54339797C20\Compiler\QNX650_520\target\qnx6/ppcbe/lib/crtn.o

.text           0x0000000048042350    0x14fac
                0x0000000048042350                _btext = .
 *(.text .stub .text.* .gnu.linkonce.t.*)
 .text          0x0000000048042350      0x118 C:\ProgramData\dSPACE\1184D92C-D928-4591-A1E9-B54339797C20\Compiler\QNX650_520\target\qnx6/ppcbe/lib/crt1.o
                0x0000000048042350                _start
 .text          0x0000000048042468        0x0 C:\ProgramData\dSPACE\1184D92C-D928-4591-A1E9-B54339797C20\Compiler\QNX650_520\target\qnx6/ppcbe/lib/crti.o
 .text          0x0000000048042468      0x2b0 c:/programdata/dspace/1184d92c-d928-4591-a1e9-b54339797c20/compiler/qnx650_520/host/win32/x86/usr/bin/../lib/gcc/powerpc-unknown-nto-qnx6.5.0/5.2.0/crtbegin.o
 *fill*         0x0000000048042718        0x8 00000000
 .text          0x0000000048042720    0x10d6c Bilateral_Ankle_Exo.o07
                0x0000000048043010                Bilateral_Ankle_Exo_Mux
                0x0000000048043020                Bilateral_Ankle_Exo_EMG3
                0x0000000048043030                Bilateral_Ankle_Exo_EMG4
                0x0000000048043040                Bilateral_Ankle_Exo_EMG_o1
                0x0000000048043050                Bilateral_Ankle_Exo_EMG_o2
                0x0000000048043060                Bilateral_Ankle_Exo_EMG_o5
                0x0000000048043070                Bilateral_Ankle_Exo_EMG_o6
                0x0000000048043080                Bilateral_Ankle_Exo_EMG_o7
                0x0000000048043090                Bilateral_Ankle_Exo_EMG_o8
                0x00000000480430a0                Bilateral_Ankle_Exo_MVC
                0x00000000480430c0                Bilateral_Ankle_E_Filter_L_Init
                0x00000000480430e0                Bilateral_Ankle_Exo_Filter_L
                0x0000000048043170                Bilateral_Ankle_Exo_Mux1
                0x0000000048043180                Bilateral_Ankle_Exo_Mux1_p
                0x00000000480431a0                Bilateral_Ankle__MATLABFunction
                0x00000000480431f0                rt_roundd_snf
                0x0000000048043250                rt_powd_snf
                0x0000000048043620                Bilateral_A_ControlModule_Reset
                0x00000000480436e0                Bilateral_An_ControlModule_Init
                0x00000000480436f0                Bilateral_Ankle_E_ControlModule
                0x000000004804f7c0                Bilateral_An_ControlModule_Term
                0x000000004804f820                rt_hypotd_snf
                0x000000004804f900                Bilateral_Ankle_Exo_output
                0x0000000048052500                Bilateral_Ankle_Exo_derivatives
                0x00000000480529b0                Bilateral_Ankle_Exo_update
                0x0000000048052bb0                Bilateral_Ankle_Exo_initialize
                0x00000000480532d0                Bilateral_Ankle_Exo_terminate
 .text          0x000000004805348c        0x0 Bilateral_Ankle_Exo_data.o07
 .text          0x000000004805348c      0x384 Bilateral_Ankle_Exo_trc_ptr.o07
                0x00000000480537dc                Bilateral_Ankle_Exo_rti_init_trc_pointers
 .text          0x0000000048053810       0x5c rtGetInf.o07
                0x0000000048053810                rtGetInf
                0x0000000048053830                rtGetInfF
                0x0000000048053840                rtGetMinusInf
                0x0000000048053860                rtGetMinusInfF
 *fill*         0x000000004805386c        0x4 00000000
 .text          0x0000000048053870       0x3c rtGetNaN.o07
                0x0000000048053870                rtGetNaN
                0x00000000480538a0                rtGetNaNF
 *fill*         0x00000000480538ac        0x4 00000000
 .text          0x00000000480538b0       0xf4 rt_nonfinite.o07
                0x00000000480538b0                rt_InitInfAndNaN
                0x0000000048053910                rtIsInf
                0x0000000048053940                rtIsInfF
                0x0000000048053970                rtIsNaN
                0x0000000048053990                rtIsNaNF
 *fill*         0x00000000480539a4        0xc 00000000
 .text          0x00000000480539b0     0x1224 rti_sim_engine.o07
                0x0000000048054b60                rtk_idle_function
                0x0000000048054b70                rti_th_timertask1_trigger_source
                0x0000000048054bc0                initConditions
                0x0000000048054bd0                initVariables
 .text.unlikely
                0x0000000048054bd4       0x78 rti_sim_engine.o07
 *fill*         0x0000000048054c4c        0x4 00000000
 .text.startup  0x0000000048054c50     0x1844 rti_sim_engine.o07
                0x0000000048054c50                main
 *fill*         0x0000000048056494        0xc 00000000
 .text          0x00000000480564a0       0x40 rti_init_c.o07
                0x00000000480564a0                rti_init
 .text          0x00000000480564e0       0x44 rt_sim.o07
                0x00000000480564e0                rt_SimInitTimingEngine
                0x0000000048056510                rt_SimGetNextSampleHit
                0x0000000048056520                rt_SimUpdateDiscreteTaskSampleHits
 *fill*         0x0000000048056524        0xc 00000000
 .text          0x0000000048056530       0xd4 rti_assert.o07
                0x0000000048056530                rti_assertion_handler
                0x00000000480565c0                rti_assertion_mode_msg
 *fill*         0x0000000048056604        0xc 00000000
 .text          0x0000000048056610      0x244 rtican_err1202.o07
                0x0000000048056610                rtican_type1_tq_err_handler
                0x0000000048056760                rtican_type1_tq_err_all_reset
                0x00000000480567a0                rtican_type1_tq_err_all_chk
 .text          0x0000000048056854        0x0 d:\Program Files\dSPACE RCPHIL 2017-B\DS1202\Lib/librtversion.a(RtVersion.o)
 *fill*         0x0000000048056854        0xc 00000000
 .text          0x0000000048056860        0x4 d:\Program Files\dSPACE RCPHIL 2017-B\DS1202\Lib/librtglobals.a(DsEESPort.o)
                0x0000000048056860                DsEesPort_init()
 .text          0x0000000048056864       0x20 d:\Program Files\dSPACE RCPHIL 2017-B\DS1202\Lib/libm_fastpow.a(w_pow.o)
                0x0000000048056864                pow
 .text          0x0000000048056884      0x85c d:\Program Files\dSPACE RCPHIL 2017-B\DS1202\Lib/libm_fastpow.a(e_pow.o)
                0x0000000048056884                __ieee754_pow
 .text          0x00000000480570e0      0x188 d:\Program Files\dSPACE RCPHIL 2017-B\DS1202\Lib/libm_fastpow.a(s_scalbn.o)
                0x00000000480570e0                scalbn
 .text          0x0000000048057268       0x94 c:/programdata/dspace/1184d92c-d928-4591-a1e9-b54339797c20/compiler/qnx650_520/host/win32/x86/usr/bin/../lib/gcc/powerpc-unknown-nto-qnx6.5.0/5.2.0/crtend.o
 .text          0x00000000480572fc        0x0 C:\ProgramData\dSPACE\1184D92C-D928-4591-A1E9-B54339797C20\Compiler\QNX650_520\target\qnx6/ppcbe/lib/crtn.o
 *(.gnu.warning)
 *(.glink)
 .glink         0x00000000480572fc        0x0 C:\ProgramData\dSPACE\1184D92C-D928-4591-A1E9-B54339797C20\Compiler\QNX650_520\target\qnx6/ppcbe/lib/crt1.o

.fini           0x00000000480572fc       0x20
 *(.fini)
 .fini          0x00000000480572fc        0xc C:\ProgramData\dSPACE\1184D92C-D928-4591-A1E9-B54339797C20\Compiler\QNX650_520\target\qnx6/ppcbe/lib/crti.o
                0x00000000480572fc                _fini
 .fini          0x0000000048057308        0x4 c:/programdata/dspace/1184d92c-d928-4591-a1e9-b54339797c20/compiler/qnx650_520/host/win32/x86/usr/bin/../lib/gcc/powerpc-unknown-nto-qnx6.5.0/5.2.0/crtbegin.o
 .fini          0x000000004805730c       0x10 C:\ProgramData\dSPACE\1184D92C-D928-4591-A1E9-B54339797C20\Compiler\QNX650_520\target\qnx6/ppcbe/lib/crtn.o
                [!provide]                        PROVIDE (__etext, .)
                0x000000004805731c                PROVIDE (_etext, .)
                [!provide]                        PROVIDE (etext, .)

.rodata         0x0000000048057320      0x6c8
 *(.rodata .rodata.* .gnu.linkonce.r.*)
 .rodata        0x0000000048057320       0x4c Bilateral_Ankle_Exo.o07
                0x0000000048057368                Bilateral_Ankle_Exo_M
 .rodata.cst4   0x000000004805736c       0x60 Bilateral_Ankle_Exo.o07
 *fill*         0x00000000480573cc        0x4 
 .rodata.cst8   0x00000000480573d0       0x68 Bilateral_Ankle_Exo.o07
 .rodata.str1.4
                0x0000000048057438        0x5 Bilateral_Ankle_Exo.o07
 *fill*         0x000000004805743d        0x3 
 .rodata.cst4   0x0000000048057440        0x8 rtGetInf.o07
 .rodata.cst4   0x0000000048057448        0x4 rtGetNaN.o07
 .rodata        0x000000004805744c        0xc rti_sim_engine.o07
                0x000000004805744c                rtiDataSetStorageEnabled
                0x0000000048057450                p_dsts_sum_of_reset_time
                0x0000000048057454                p_msg_last_error_no
 .rodata.cst4   0x0000000048057458        0xc rti_sim_engine.o07
                                         0x18 (size before relaxing)
 *fill*         0x0000000048057464        0x4 
 .rodata.cst8   0x0000000048057468        0x8 rti_sim_engine.o07
                                         0x10 (size before relaxing)
 .rodata.str1.4
                0x0000000048057470      0x2a8 rti_sim_engine.o07
 .rodata.cst4   0x0000000048057718        0x8 rt_sim.o07
 .rodata.str1.4
                0x0000000048057718       0x71 rt_sim.o07
 *fill*         0x0000000048057789        0x3 
 .rodata.str1.4
                0x000000004805778c       0x6d rti_assert.o07
 *fill*         0x00000000480577f9        0x3 
 .rodata.str1.4
                0x00000000480577fc       0x9c rtican_err1202.o07
                                         0x9b (size before relaxing)
 .rodata        0x0000000048057898       0x30 d:\Program Files\dSPACE RCPHIL 2017-B\DS1202\Lib/libm_fastpow.a(e_pow.o)
 .rodata.cst4   0x00000000480578c8        0x8 d:\Program Files\dSPACE RCPHIL 2017-B\DS1202\Lib/libm_fastpow.a(e_pow.o)
 .rodata.cst8   0x00000000480578d0       0xe8 d:\Program Files\dSPACE RCPHIL 2017-B\DS1202\Lib/libm_fastpow.a(e_pow.o)
 .rodata.cst8   0x00000000480579b8       0x30 d:\Program Files\dSPACE RCPHIL 2017-B\DS1202\Lib/libm_fastpow.a(s_scalbn.o)

.rodata1
 *(.rodata1)

.sdata2         0x00000000480579e8        0x0
                0x0000000000008000                PROVIDE (_SDA2_BASE_, 0x8000)
 *(.sdata2 .sdata2.* .gnu.linkonce.s2.*)
 .sdata2        0x00000000480579e8        0x0 C:\ProgramData\dSPACE\1184D92C-D928-4591-A1E9-B54339797C20\Compiler\QNX650_520\target\qnx6/ppcbe/lib/crt1.o

.sbss2
 *(.sbss2 .sbss2.* .gnu.linkonce.sb2.*)

.eh_frame_hdr   0x00000000480579e8       0x14
 *(.eh_frame_hdr)
 .eh_frame_hdr  0x00000000480579e8       0x14 d:\Program Files\dSPACE RCPHIL 2017-B\DS1202\Lib/librtglobals.a(DsEESPort.o)

.eh_frame       0x00000000480579fc       0x2c
 *(.eh_frame)
 .eh_frame      0x00000000480579fc        0x0 C:\ProgramData\dSPACE\1184D92C-D928-4591-A1E9-B54339797C20\Compiler\QNX650_520\target\qnx6/ppcbe/lib/crt1.o
 .eh_frame      0x00000000480579fc        0x0 c:/programdata/dspace/1184d92c-d928-4591-a1e9-b54339797c20/compiler/qnx650_520/host/win32/x86/usr/bin/../lib/gcc/powerpc-unknown-nto-qnx6.5.0/5.2.0/crtbegin.o
 .eh_frame      0x00000000480579fc       0x28 d:\Program Files\dSPACE RCPHIL 2017-B\DS1202\Lib/librtglobals.a(DsEESPort.o)
 .eh_frame      0x0000000048057a24        0x4 c:/programdata/dspace/1184d92c-d928-4591-a1e9-b54339797c20/compiler/qnx650_520/host/win32/x86/usr/bin/../lib/gcc/powerpc-unknown-nto-qnx6.5.0/5.2.0/crtend.o

.gcc_except_table
 *(.gcc_except_table .gcc_except_table.*)
                0x0000000048057a28                . = (ALIGN (0x1000) - ((0x1000 - .) & 0xfff))
                0x0000000048058000                . = DATA_SEGMENT_ALIGN (0x1000, 0x1000)

.eh_frame
 *(.eh_frame)

.gcc_except_table
 *(.gcc_except_table .gcc_except_table.*)

.tdata
 *(.tdata .tdata.* .gnu.linkonce.td.*)

.tbss
 *(.tbss .tbss.* .gnu.linkonce.tb.*)
 *(.tcommon)

.preinit_array  0x0000000048058000        0x0
                0x0000000048058000                PROVIDE (__preinit_array_start, .)
 *(.preinit_array)
                0x0000000048058000                PROVIDE (__preinit_array_end, .)

.init_array     0x0000000048058000        0x0
                0x0000000048058000                PROVIDE (__init_array_start, .)
 *(SORT(.init_array.*))
 *(.init_array)
                0x0000000048058000                PROVIDE (__init_array_end, .)

.fini_array     0x0000000048058000        0x0
                0x0000000048058000                PROVIDE (__fini_array_start, .)
 *(.fini_array)
 *(SORT(.fini_array.*))
                0x0000000048058000                PROVIDE (__fini_array_end, .)

.ctors          0x0000000048058000        0x8
 *crtbegin.o(.ctors)
 .ctors         0x0000000048058000        0x4 c:/programdata/dspace/1184d92c-d928-4591-a1e9-b54339797c20/compiler/qnx650_520/host/win32/x86/usr/bin/../lib/gcc/powerpc-unknown-nto-qnx6.5.0/5.2.0/crtbegin.o
 *crtbegin?.o(.ctors)
 *(EXCLUDE_FILE(*crtend?.o *crtend.o) .ctors)
 *(SORT(.ctors.*))
 *(.ctors)
 .ctors         0x0000000048058004        0x4 c:/programdata/dspace/1184d92c-d928-4591-a1e9-b54339797c20/compiler/qnx650_520/host/win32/x86/usr/bin/../lib/gcc/powerpc-unknown-nto-qnx6.5.0/5.2.0/crtend.o

.dtors          0x0000000048058008        0x8
 *crtbegin.o(.dtors)
 .dtors         0x0000000048058008        0x4 c:/programdata/dspace/1184d92c-d928-4591-a1e9-b54339797c20/compiler/qnx650_520/host/win32/x86/usr/bin/../lib/gcc/powerpc-unknown-nto-qnx6.5.0/5.2.0/crtbegin.o
 *crtbegin?.o(.dtors)
 *(EXCLUDE_FILE(*crtend?.o *crtend.o) .dtors)
 *(SORT(.dtors.*))
 *(.dtors)
 .dtors         0x000000004805800c        0x4 c:/programdata/dspace/1184d92c-d928-4591-a1e9-b54339797c20/compiler/qnx650_520/host/win32/x86/usr/bin/../lib/gcc/powerpc-unknown-nto-qnx6.5.0/5.2.0/crtend.o
                0x000000004805800c                __DTOR_END__

.jcr            0x0000000048058010        0x4
 *(.jcr)
 .jcr           0x0000000048058010        0x0 c:/programdata/dspace/1184d92c-d928-4591-a1e9-b54339797c20/compiler/qnx650_520/host/win32/x86/usr/bin/../lib/gcc/powerpc-unknown-nto-qnx6.5.0/5.2.0/crtbegin.o
 .jcr           0x0000000048058010        0x4 c:/programdata/dspace/1184d92c-d928-4591-a1e9-b54339797c20/compiler/qnx650_520/host/win32/x86/usr/bin/../lib/gcc/powerpc-unknown-nto-qnx6.5.0/5.2.0/crtend.o

.data.rel.ro
 *(.data.rel.ro.local* .gnu.linkonce.d.rel.ro.local.*)
 *(.data.rel.ro* .gnu.linkonce.d.rel.ro.*)

.fixup
 *(.fixup)

.got1
 *(.got1)

.got2
 *(.got2)

.dynamic        0x0000000048058014      0x100
 *(.dynamic)
 .dynamic       0x0000000048058014      0x100 C:\ProgramData\dSPACE\1184D92C-D928-4591-A1E9-B54339797C20\Compiler\QNX650_520\target\qnx6/ppcbe/lib/crt1.o
                0x0000000048058014                _DYNAMIC

.got
 *(.got)
                0x0000000048058114                . = DATA_SEGMENT_RELRO_END (., 0x0)

.plt
 *(.plt)

.data           0x0000000048058118    0x11ba4
 *(.data .data.* .gnu.linkonce.d.*)
 .data          0x0000000048058118        0x0 C:\ProgramData\dSPACE\1184D92C-D928-4591-A1E9-B54339797C20\Compiler\QNX650_520\target\qnx6/ppcbe/lib/crt1.o
 .data          0x0000000048058118        0x0 C:\ProgramData\dSPACE\1184D92C-D928-4591-A1E9-B54339797C20\Compiler\QNX650_520\target\qnx6/ppcbe/lib/crti.o
 .data          0x0000000048058118        0x0 c:/programdata/dspace/1184d92c-d928-4591-a1e9-b54339797c20/compiler/qnx650_520/host/win32/x86/usr/bin/../lib/gcc/powerpc-unknown-nto-qnx6.5.0/5.2.0/crtbegin.o
 .data.rel.local
                0x0000000048058118        0x4 c:/programdata/dspace/1184d92c-d928-4591-a1e9-b54339797c20/compiler/qnx650_520/host/win32/x86/usr/bin/../lib/gcc/powerpc-unknown-nto-qnx6.5.0/5.2.0/crtbegin.o
                0x0000000048058118                __dso_handle
 .data          0x000000004805811c        0x0 Bilateral_Ankle_Exo.o07
 *fill*         0x000000004805811c        0x4 
 .data          0x0000000048058120    0x11b78 Bilateral_Ankle_Exo_data.o07
                0x0000000048058120                Bilateral_Ankle_Exo_P
 .data          0x0000000048069c98        0x0 Bilateral_Ankle_Exo_trc_ptr.o07
 .data          0x0000000048069c98        0x0 rtGetInf.o07
 .data          0x0000000048069c98        0x0 rtGetNaN.o07
 .data          0x0000000048069c98        0x0 rt_nonfinite.o07
 .data          0x0000000048069c98       0x14 rti_sim_engine.o07
                0x0000000048069c98                simState
                0x0000000048069ca8                lastSimState
 .data          0x0000000048069cac        0x0 rti_init_c.o07
 .data          0x0000000048069cac        0x0 rt_sim.o07
 .data          0x0000000048069cac        0x0 rti_assert.o07
 .data          0x0000000048069cac        0x4 rtican_err1202.o07
                0x0000000048069cac                rtican_type1_error_level
 .data          0x0000000048069cb0        0x0 d:\Program Files\dSPACE RCPHIL 2017-B\DS1202\Lib/librtversion.a(RtVersion.o)
 .data          0x0000000048069cb0        0x0 d:\Program Files\dSPACE RCPHIL 2017-B\DS1202\Lib/librtglobals.a(DsEESPort.o)
 .data.rel      0x0000000048069cb0        0xc d:\Program Files\dSPACE RCPHIL 2017-B\DS1202\Lib/librtglobals.a(DsEESPort.o)
                0x0000000048069cb0                p_xilapi_eesport_errorswitching_uint32_T
                0x0000000048069cb4                p_xilapi_eesport_erroractivated_uint32_T
                0x0000000048069cb8                p_xilapi_eesport_activeerrorset_uint32_T
 .data          0x0000000048069cbc        0x0 d:\Program Files\dSPACE RCPHIL 2017-B\DS1202\Lib/libm_fastpow.a(w_pow.o)
 .data          0x0000000048069cbc        0x0 d:\Program Files\dSPACE RCPHIL 2017-B\DS1202\Lib/libm_fastpow.a(e_pow.o)
 .data          0x0000000048069cbc        0x0 d:\Program Files\dSPACE RCPHIL 2017-B\DS1202\Lib/libm_fastpow.a(s_scalbn.o)
 .data          0x0000000048069cbc        0x0 c:/programdata/dspace/1184d92c-d928-4591-a1e9-b54339797c20/compiler/qnx650_520/host/win32/x86/usr/bin/../lib/gcc/powerpc-unknown-nto-qnx6.5.0/5.2.0/crtend.o
 .data          0x0000000048069cbc        0x0 C:\ProgramData\dSPACE\1184D92C-D928-4591-A1E9-B54339797C20\Compiler\QNX650_520\target\qnx6/ppcbe/lib/crtn.o

.tm_clone_table
                0x0000000048069cbc        0x0
 .tm_clone_table
                0x0000000048069cbc        0x0 c:/programdata/dspace/1184d92c-d928-4591-a1e9-b54339797c20/compiler/qnx650_520/host/win32/x86/usr/bin/../lib/gcc/powerpc-unknown-nto-qnx6.5.0/5.2.0/crtbegin.o
 .tm_clone_table
                0x0000000048069cbc        0x0 c:/programdata/dspace/1184d92c-d928-4591-a1e9-b54339797c20/compiler/qnx650_520/host/win32/x86/usr/bin/../lib/gcc/powerpc-unknown-nto-qnx6.5.0/5.2.0/crtend.o

.data1
 *(.data1)

.got            0x0000000048069cbc       0x54
 *(.got)
 .got           0x0000000048069cbc       0x54 C:\ProgramData\dSPACE\1184D92C-D928-4591-A1E9-B54339797C20\Compiler\QNX650_520\target\qnx6/ppcbe/lib/crt1.o
                0x0000000048069d04                _GLOBAL_OFFSET_TABLE_

.sdata          0x0000000048069d10        0x0
                0x0000000000008000                PROVIDE (_SDA_BASE_, 0x8000)
 *(.sdata .sdata.* .gnu.linkonce.s.*)
 .sdata         0x0000000048069d10        0x0 C:\ProgramData\dSPACE\1184D92C-D928-4591-A1E9-B54339797C20\Compiler\QNX650_520\target\qnx6/ppcbe/lib/crt1.o
                0x0000000048069d10                _edata = .
                [!provide]                        PROVIDE (edata, .)
                0x0000000048069d10                __bss_start = .

.sbss           0x0000000048069d10        0x0
                [!provide]                        PROVIDE (__sbss_start, .)
                [!provide]                        PROVIDE (___sbss_start, .)
 *(.dynsbss)
 .dynsbss       0x0000000048069d10        0x0 C:\ProgramData\dSPACE\1184D92C-D928-4591-A1E9-B54339797C20\Compiler\QNX650_520\target\qnx6/ppcbe/lib/crt1.o
 *(.sbss .sbss.* .gnu.linkonce.sb.*)
 *(.scommon)
                [!provide]                        PROVIDE (__sbss_end, .)
                [!provide]                        PROVIDE (___sbss_end, .)

.plt            0x0000000048069d10      0x690
 *(.plt)
 .plt           0x0000000048069d10      0x690 C:\ProgramData\dSPACE\1184D92C-D928-4591-A1E9-B54339797C20\Compiler\QNX650_520\target\qnx6/ppcbe/lib/crt1.o
                0x0000000048069d58                srtk_tic_read
                0x0000000048069d60                ts_reset
                0x0000000048069d68                __register_frame_info
                0x0000000048069d70                DioCl2EncoderIn_create
                0x0000000048069d78                msg_error_clear
                0x0000000048069d80                AdcCl1AnalogIn_read
                0x0000000048069d88                dsrtt_set_current_time
                0x0000000048069d90                sqrt
                0x0000000048069d98                DioCl2EncoderIn_read
                0x0000000048069da0                rtk_current_task_absolute_time_ptr_get
                0x0000000048069da8                can_tp1_channel_start
                0x0000000048069db0                DioCl1DigIn_start
                0x0000000048069db8                DsTimeSync_simstateRun
                0x0000000048069dc0                DacCl1AnalogOut_create
                0x0000000048069dc8                DioCl2EncoderIn_setEncPosition
                0x0000000048069dd0                DioCl2EncoderIn_stop
                0x0000000048069dd8                can_tp1_communication_init
                0x0000000048069de0                DioCl1DigIn_setInputFilter
                0x0000000048069de8                floor
                0x0000000048069df0                DioCl1DigIn_create
                0x0000000048069df8                memcpy
                0x0000000048069e00                msg_warning_set
                0x0000000048069e08                rtk_setup_temp_overrun_handling
                0x0000000048069e10                DioCl1DigOut_setChMaskOutData
                0x0000000048069e18                DioCl2EncoderIn_setIndexMode
                0x0000000048069e20                ceil
                0x0000000048069e28                SrtkIntBase_requestTaskMode
                0x0000000048069e30                rtk_reset_tasks
                0x0000000048069e38                DioCl2EncoderIn_setIndexPosition
                0x0000000048069e40                can_tp1_all_data_clear
                0x0000000048069e48                __cxa_finalize
                0x0000000048069e50                _init_array
                0x0000000048069e58                rtk_set_task_type
                0x0000000048069e60                DsTimeSync_baserate
                0x0000000048069e68                rtk_task_name_set
                0x0000000048069e70                DacCl1AnalogOut_apply
                0x0000000048069e78                can_tp1_msg_copy_all_to_mem
                0x0000000048069e80                can_tp1_msg_read_from_mem
                0x0000000048069e88                DioCl1DigIn_getChMaskInData
                0x0000000048069e90                DioCl1DigOut_setChMaskOutHighZ
                0x0000000048069e98                dsrtt_script_service_post_computation
                0x0000000048069ea0                rtk_create_task
                0x0000000048069ea8                msg_warning_printf
                0x0000000048069eb0                msg_last_error_number
                0x0000000048069eb8                DioCl2EncoderIn_start
                0x0000000048069ec0                AdcCl1AnalogIn_setConversTrigger
                0x0000000048069ec8                dsparam_copy_data_set
                0x0000000048069ed0                SrtkPreload_preloadRegion
                0x0000000048069ed8                rtk_dsts_time_to_simtime_convert
                0x0000000048069ee0                msg_error_set
                0x0000000048069ee8                rtk_enable_services
                0x0000000048069ef0                SrtkDaq_Init
                0x0000000048069ef8                DioCl1DigOut_setSignalVoltage
                0x0000000048069f00                rtk_task_task_calls_get
                0x0000000048069f08                DioCl1DigIn_apply
                0x0000000048069f10                can_tp1_channel_init
                0x0000000048069f18                can_tp1_dsmcr_client_create
                0x0000000048069f20                DsTimeSync_setCurrentTimePtr
                0x0000000048069f28                DioCl2EncoderIn_setMinEncVelocity
                0x0000000048069f30                SrtkIntBase_enableIntGlobal
                0x0000000048069f38                can_tp1_channel_termination_set
                0x0000000048069f40                DioCl2EncoderIn_getIsIndexRaised
                0x0000000048069f48                DacCl1AnalogOut_write
                0x0000000048069f50                AdcCl1AnalogIn_setConversionMode
                0x0000000048069f58                rtk_overrun_flag_clear
                0x0000000048069f60                rtk_bind_interrupt
                0x0000000048069f68                DacCl1AnalogOut_stop
                0x0000000048069f70                AdcCl1AnalogIn_apply
                0x0000000048069f78                _init_libc
                0x0000000048069f80                can_tp1_msg_send
                0x0000000048069f88                DioCl2EncoderIn_setGatedMode
                0x0000000048069f90                dsrtt_init
                0x0000000048069f98                AdcCl1AnalogIn_write
                0x0000000048069fa0                DioCl1DigOut_write
                0x0000000048069fa8                SrtkApp_terminate
                0x0000000048069fb0                DioCl1DigOut_start
                0x0000000048069fb8                DioCl2EncoderIn_setMaxPosition
                0x0000000048069fc0                DioCl2EncoderIn_setMinPosition
                0x0000000048069fc8                AdcCl1AnalogIn_isDataReady
                0x0000000048069fd0                msg_info_set
                0x0000000048069fd8                SensorSupply_create
                0x0000000048069fe0                dsrtt_script_service_pre_computation
                0x0000000048069fe8                DacCl1AnalogOut_start
                0x0000000048069ff0                msg_error_printf
                0x0000000048069ff8                memset
                0x000000004806a000                DioCl1DigOut_create
                0x000000004806a008                _Sin
                0x000000004806a010                can_tp1_msg_sleep
                0x000000004806a018                DioCl2EncoderIn_getEncPosition
                0x000000004806a020                rtk_leave_idle_mode
                0x000000004806a028                __wrap_exit
                0x000000004806a030                DioCl1DigOut_apply
                0x000000004806a038                __wrap_atexit
                0x000000004806a040                DioCl2EncoderIn_setMeasurementInterval
                0x000000004806a048                DacCl1AnalogOut_setOutputValue
                0x000000004806a050                sprintf
                0x000000004806a058                AdcCl1AnalogIn_start
                0x000000004806a060                _fini_array
                0x000000004806a068                SensorSupply_setVoltage
                0x000000004806a070                SrtkDaq_Background
                0x000000004806a078                _preinit_array
                0x000000004806a080                SrtkApp_init
                0x000000004806a088                can_tp1_msg_rx_register
                0x000000004806a090                SrtkDaq_Service
                0x000000004806a098                rtk_task_task_name_get
                0x000000004806a0a0                AdcCl1AnalogIn_setConversSwTrigger
                0x000000004806a0a8                can_tp1_msg_wakeup
                0x000000004806a0b0                DioCl1DigIn_read
                0x000000004806a0b8                SrtkSim_notifyStateTransition
                0x000000004806a0c0                can_tp1_msg_tx_register
                0x000000004806a0c8                AdcCl1AnalogIn_getSingleValue
                0x000000004806a0d0                DioCl2EncoderIn_apply
                0x000000004806a0d8                DioCl2EncoderIn_getEncVelocity
                0x000000004806a0e0                msg_set
                0x000000004806a0e8                SensorSupply_apply
                0x000000004806a0f0                rtk_get_subentry
                0x000000004806a0f8                dsrtt_set_step_size
                0x000000004806a100                rtk_enter_idle_mode
                0x000000004806a108                rtk_initialize
                0x000000004806a110                DacCl1AnalogOut_setOutputHighZ
                0x000000004806a118                DioCl2EncoderIn_setEncoderLines
                0x000000004806a120                SensorSupply_setSensorState
                0x000000004806a128                can_tp1_msg_read
                0x000000004806a130                SensorSupply_start
                0x000000004806a138                SrtkApp_background
                0x000000004806a140                rtk_default_overrun_fcn
                0x000000004806a148                AdcCl1AnalogIn_create
                0x000000004806a150                vcm_module_register
                0x000000004806a158                can_tp1_msg_set
                0x000000004806a160                DsTimeSync_simstateStop
                0x000000004806a168                SrtkIntBase_disableIntGlobal
                0x000000004806a170                SrtkSim_registerState
                0x000000004806a178                __deregister_frame_info
                0x000000004806a180                can_tp1_error_read

.bss            0x000000004806a3a0    0x4ab18
 *(.dynbss)
 .dynbss        0x000000004806a3a0       0x14 C:\ProgramData\dSPACE\1184D92C-D928-4591-A1E9-B54339797C20\Compiler\QNX650_520\target\qnx6/ppcbe/lib/crt1.o
                0x000000004806a3a0                errno
                0x000000004806a3a8                dsts_sum_of_reseted_time
                0x000000004806a3b0                msg_last_error_no
 *(.bss .bss.* .gnu.linkonce.b.*)
 .bss           0x000000004806a3b4        0x0 C:\ProgramData\dSPACE\1184D92C-D928-4591-A1E9-B54339797C20\Compiler\QNX650_520\target\qnx6/ppcbe/lib/crt1.o
 .bss           0x000000004806a3b4        0x0 C:\ProgramData\dSPACE\1184D92C-D928-4591-A1E9-B54339797C20\Compiler\QNX650_520\target\qnx6/ppcbe/lib/crti.o
 .bss           0x000000004806a3b4       0x20 c:/programdata/dspace/1184d92c-d928-4591-a1e9-b54339797c20/compiler/qnx650_520/host/win32/x86/usr/bin/../lib/gcc/powerpc-unknown-nto-qnx6.5.0/5.2.0/crtbegin.o
 *fill*         0x000000004806a3d4        0x4 
 .bss           0x000000004806a3d8    0x4a6e8 Bilateral_Ankle_Exo.o07
                0x000000004806a3d8                Bilateral_Ankle_Exo_B
                0x000000004809b208                Bilateral_Ankle_Exo_DW
                0x00000000480b4750                Bilateral_Ankle_Exo_M_
                0x00000000480b49c0                Bilateral_Ankle_Exo_X
 .bss           0x00000000480b4ac0        0x0 Bilateral_Ankle_Exo_data.o07
 .bss           0x00000000480b4ac0       0xcc Bilateral_Ankle_Exo_trc_ptr.o07
                0x00000000480b4ac0                p_0_Bilateral_Ankle_Exo_real_T_0
                0x00000000480b4ac4                p_0_Bilateral_Ankle_Exo_boolean_T_1
                0x00000000480b4ac8                p_0_Bilateral_Ankle_Exo_real_T_2
                0x00000000480b4acc                p_0_Bilateral_Ankle_Exo_real_T_3
                0x00000000480b4ad0                p_0_Bilateral_Ankle_Exo_real_T_4
                0x00000000480b4ad4                p_0_Bilateral_Ankle_Exo_real_T_5
                0x00000000480b4ad8                p_0_Bilateral_Ankle_Exo_real_T_6
                0x00000000480b4adc                p_0_Bilateral_Ankle_Exo_real_T_7
                0x00000000480b4ae0                p_0_Bilateral_Ankle_Exo_real_T_8
                0x00000000480b4ae4                p_0_Bilateral_Ankle_Exo_real_T_9
                0x00000000480b4ae8                p_0_Bilateral_Ankle_Exo_real_T_10
                0x00000000480b4aec                p_0_Bilateral_Ankle_Exo_real_T_11
                0x00000000480b4af0                p_0_Bilateral_Ankle_Exo_real_T_12
                0x00000000480b4af4                p_0_Bilateral_Ankle_Exo_real_T_13
                0x00000000480b4af8                p_0_Bilateral_Ankle_Exo_real_T_14
                0x00000000480b4afc                p_0_Bilateral_Ankle_Exo_real_T_15
                0x00000000480b4b00                p_0_Bilateral_Ankle_Exo_real_T_16
                0x00000000480b4b04                p_0_Bilateral_Ankle_Exo_real_T_17
                0x00000000480b4b08                p_0_Bilateral_Ankle_Exo_real_T_18
                0x00000000480b4b0c                p_0_Bilateral_Ankle_Exo_real_T_19
                0x00000000480b4b10                p_0_Bilateral_Ankle_Exo_real_T_20
                0x00000000480b4b14                p_0_Bilateral_Ankle_Exo_real_T_21
                0x00000000480b4b18                p_0_Bilateral_Ankle_Exo_real_T_22
                0x00000000480b4b1c                p_0_Bilateral_Ankle_Exo_real_T_23
                0x00000000480b4b20                p_0_Bilateral_Ankle_Exo_real_T_24
                0x00000000480b4b24                p_0_Bilateral_Ankle_Exo_real_T_25
                0x00000000480b4b28                p_0_Bilateral_Ankle_Exo_real_T_26
                0x00000000480b4b2c                p_0_Bilateral_Ankle_Exo_real_T_27
                0x00000000480b4b30                p_0_Bilateral_Ankle_Exo_real_T_28
                0x00000000480b4b34                p_0_Bilateral_Ankle_Exo_real_T_29
                0x00000000480b4b38                p_0_Bilateral_Ankle_Exo_real_T_30
                0x00000000480b4b3c                p_0_Bilateral_Ankle_Exo_real_T_31
                0x00000000480b4b40                p_0_Bilateral_Ankle_Exo_real_T_32
                0x00000000480b4b44                p_0_Bilateral_Ankle_Exo_real_T_33
                0x00000000480b4b48                p_0_Bilateral_Ankle_Exo_real_T_34
                0x00000000480b4b4c                p_0_Bilateral_Ankle_Exo_real_T_35
                0x00000000480b4b50                p_0_Bilateral_Ankle_Exo_real_T_36
                0x00000000480b4b54                p_0_Bilateral_Ankle_Exo_real_T_37
                0x00000000480b4b58                p_1_Bilateral_Ankle_Exo_real_T_0
                0x00000000480b4b5c                p_1_Bilateral_Ankle_Exo_int32_T_1
                0x00000000480b4b60                p_1_Bilateral_Ankle_Exo_int8_T_2
                0x00000000480b4b64                p_1_Bilateral_Ankle_Exo_boolean_T_3
                0x00000000480b4b68                p_1_Bilateral_Ankle_Exo_real_T_4
                0x00000000480b4b6c                p_1_Bilateral_Ankle_Exo_boolean_T_5
                0x00000000480b4b70                p_2_Bilateral_Ankle_Exo_real_T_0
                0x00000000480b4b74                p_2_Bilateral_Ankle_Exo_int_T_1
                0x00000000480b4b78                p_2_Bilateral_Ankle_Exo_int8_T_2
                0x00000000480b4b7c                p_2_Bilateral_Ankle_Exo_boolean_T_3
                0x00000000480b4b80                p_2_Bilateral_Ankle_Exo_real_T_4
                0x00000000480b4b84                p_2_Bilateral_Ankle_Exo_real_T_5
                0x00000000480b4b88                p_3_Bilateral_Ankle_Exo_real_T_0
 .bss           0x00000000480b4b8c        0x0 rtGetInf.o07
 .bss           0x00000000480b4b8c        0x0 rtGetNaN.o07
 *fill*         0x00000000480b4b8c        0x4 
 .bss           0x00000000480b4b90       0x2c rt_nonfinite.o07
                0x00000000480b4b90                rtNaN
                0x00000000480b4b98                rtNaNF
                0x00000000480b4ba0                rtInf
                0x00000000480b4ba8                rtInfF
                0x00000000480b4bb0                rtMinusInf
                0x00000000480b4bb8                rtMinusInfF
 *fill*         0x00000000480b4bbc        0x4 
 .bss           0x00000000480b4bc0      0x11c rti_sim_engine.o07
                0x00000000480b4bc0                currentTime
                0x00000000480b4bc4                finalTime
                0x00000000480b4bc8                modelStepSize
                0x00000000480b4bd0                pRTIDacC1AnalogOut_Ch_16
                0x00000000480b4bd4                pRTIDacC1AnalogOut_Ch_15
                0x00000000480b4bd8                pRTIEmcEncoder_Unit_5_DioCl_2_Port_1_Ch10
                0x00000000480b4bdc                pRTIEmcEncoder_Unit_2_DioCl_2_Port_1_Ch3
                0x00000000480b4be0                pRTIEmcEncoder_Unit_4_DioCl_2_Port_1_Ch7
                0x00000000480b4be4                pRTIEmcEncoder_Unit_3_DioCl_2_Port_1_Ch5
                0x00000000480b4be8                pRTIDioC1DigOut_Port_3_Ch_15
                0x00000000480b4bec                pRTIDioC1DigOut_Port_3_Ch_16
                0x00000000480b4bf0                pRTIDioC1DigOut_Port_3_Ch_12
                0x00000000480b4bf4                pRTIDioC1DigOut_Port_3_Ch_13
                0x00000000480b4bf8                pRTIDioC1DigOut_Port_1_Ch_1
                0x00000000480b4bfc                pRTIDioC1DigOut_Port_1_Ch_3
                0x00000000480b4c00                can_type1_channel_M1_C1
                0x00000000480b4c04                can_type1_channel_M1_C2
                0x00000000480b4c0c                CANTP1_RX_SPMSG_M1_C1_STD
                0x00000000480b4c14                can_type1_msg_M1
                0x00000000480b4c28                CANTP1_RX_SPMSG_M1_C2_STD
                0x00000000480b4c30                pRTIAdcC1AnalogIn_Ch_6
                0x00000000480b4c34                pRTIAdcC1AnalogIn_Ch_7
                0x00000000480b4c38                pRTIAdcC1AnalogIn_Ch_1
                0x00000000480b4c3c                pRTIAdcC1AnalogIn_Ch_10
                0x00000000480b4c40                pRTIAdcC1AnalogIn_Ch_11
                0x00000000480b4c44                pRTIAdcC1AnalogIn_Ch_12
                0x00000000480b4c48                pRTIAdcC1AnalogIn_Ch_2
                0x00000000480b4c4c                pRTIAdcC1AnalogIn_Ch_3
                0x00000000480b4c50                pRTIAdcC1AnalogIn_Ch_4
                0x00000000480b4c54                pRTIAdcC1AnalogIn_Ch_9
                0x00000000480b4c58                pRTIDioC1DigIn_Port_1_Ch_2
                0x00000000480b4c5c                pRTIDioC1DigIn_Port_1_Ch_4
                0x00000000480b4c60                taskMode
                0x00000000480b4c64                pRTI_Sensor_Supply
                0x00000000480b4c68                CANTP1_TX_SPMSG_M1_C1_STD
                0x00000000480b4c6c                CANTP1_TX_SPMSG_M1_C1_XTD
                0x00000000480b4c70                CANTP1_RX_M1_C1_MCRCLT_STD
                0x00000000480b4c74                CANTP1_TX_SPMSG_M1_C2_STD
                0x00000000480b4c78                CANTP1_TX_SPMSG_M1_C2_XTD
                0x00000000480b4c7c                CANTP1_RX_M1_C2_MCRCLT_STD
                0x00000000480b4c80                pRti_TIMERA_STime
                0x00000000480b4c84                pRti_TIMERA_TTime
                0x00000000480b4c88                pRti_TIMERA_TState
                0x00000000480b4c8c                pRti_TIMERA_OType
                0x00000000480b4c90                pRti_TIMERA_OMax
                0x00000000480b4c94                pRti_TIMERA_ORpt
                0x00000000480b4c98                pRti_TIMERA_OCnt
                0x00000000480b4c9c                pRti_TIMERA_TCnt
                0x00000000480b4ca0                pRti_TIMERA_Prio
                0x00000000480b4ca8                pRti_TIMERB_STime
                0x00000000480b4cac                pRti_TIMERB_TTime
                0x00000000480b4cb0                pRti_TIMERB_TState
                0x00000000480b4cb4                pRti_TIMERB_OType
                0x00000000480b4cb8                pRti_TIMERB_OMax
                0x00000000480b4cbc                pRti_TIMERB_ORpt
                0x00000000480b4cc0                pRti_TIMERB_OCnt
                0x00000000480b4cc4                pRti_TIMERB_TCnt
                0x00000000480b4cc8                pRti_TIMERB_Prio
                0x00000000480b4cd8                rtiAssertionMode
 .bss           0x00000000480b4cdc        0x4 rti_init_c.o07
 .bss           0x00000000480b4ce0        0x0 rt_sim.o07
 .bss           0x00000000480b4ce0        0x0 rti_assert.o07
 .bss           0x00000000480b4ce0      0x1c4 rtican_err1202.o07
                0x00000000480b4ce0                rtican_type1_tq_error
                0x00000000480b4ea0                can_tp1_address_table
 .bss           0x00000000480b4ea4        0x0 d:\Program Files\dSPACE RCPHIL 2017-B\DS1202\Lib/librtversion.a(RtVersion.o)
 .bss           0x00000000480b4ea4       0x14 d:\Program Files\dSPACE RCPHIL 2017-B\DS1202\Lib/librtglobals.a(DsEESPort.o)
                0x00000000480b4ea4                xilapi_eesport_trigger_uint32_T
                0x00000000480b4ea8                xilapi_eesport_flags_uint32_T
                0x00000000480b4eac                xilapi_eesport_errorswitching_uint32_T
                0x00000000480b4eb0                xilapi_eesport_erroractivated_uint32_T
                0x00000000480b4eb4                xilapi_eesport_activeerrorset_uint32_T
 .bss           0x00000000480b4eb8        0x0 d:\Program Files\dSPACE RCPHIL 2017-B\DS1202\Lib/libm_fastpow.a(w_pow.o)
 .bss           0x00000000480b4eb8        0x0 d:\Program Files\dSPACE RCPHIL 2017-B\DS1202\Lib/libm_fastpow.a(e_pow.o)
 .bss           0x00000000480b4eb8        0x0 d:\Program Files\dSPACE RCPHIL 2017-B\DS1202\Lib/libm_fastpow.a(s_scalbn.o)
 .bss           0x00000000480b4eb8        0x0 c:/programdata/dspace/1184d92c-d928-4591-a1e9-b54339797c20/compiler/qnx650_520/host/win32/x86/usr/bin/../lib/gcc/powerpc-unknown-nto-qnx6.5.0/5.2.0/crtend.o
 .bss           0x00000000480b4eb8        0x0 C:\ProgramData\dSPACE\1184D92C-D928-4591-A1E9-B54339797C20\Compiler\QNX650_520\target\qnx6/ppcbe/lib/crtn.o
 *(COMMON)
                0x00000000480b4eb8                . = ALIGN ((. != 0x0)?0x4:0x1)

.iplt           0x00000000480b4ec0        0x0
 .iplt          0x00000000480b4ec0        0x0 C:\ProgramData\dSPACE\1184D92C-D928-4591-A1E9-B54339797C20\Compiler\QNX650_520\target\qnx6/ppcbe/lib/crt1.o
                0x00000000480b4ec0                . = ALIGN (0x4)
                0x00000000480b4ec0                . = ALIGN (0x4)
                0x00000000480b4ec0                __end = .
                0x00000000480b4ec0                _end = .
                [!provide]                        PROVIDE (end, .)
                0x00000000480b4ec0                . = DATA_SEGMENT_END (.)

.stab
 *(.stab)

.stabstr
 *(.stabstr)

.stab.excl
 *(.stab.excl)

.stab.exclstr
 *(.stab.exclstr)

.stab.index
 *(.stab.index)

.stab.indexstr
 *(.stab.indexstr)

.comment        0x0000000000000000       0x47
 *(.comment)
 .comment       0x0000000000000000       0x11 c:/programdata/dspace/1184d92c-d928-4591-a1e9-b54339797c20/compiler/qnx650_520/host/win32/x86/usr/bin/../lib/gcc/powerpc-unknown-nto-qnx6.5.0/5.2.0/crtbegin.o
                                         0x12 (size before relaxing)
 .comment       0x0000000000000011       0x12 Bilateral_Ankle_Exo.o07
 .comment       0x0000000000000011       0x12 Bilateral_Ankle_Exo_data.o07
 .comment       0x0000000000000011       0x12 Bilateral_Ankle_Exo_trc_ptr.o07
 .comment       0x0000000000000011       0x12 rtGetInf.o07
 .comment       0x0000000000000011       0x12 rtGetNaN.o07
 .comment       0x0000000000000011       0x12 rt_nonfinite.o07
 .comment       0x0000000000000011       0x12 rti_sim_engine.o07
 .comment       0x0000000000000011       0x12 rti_init_c.o07
 .comment       0x0000000000000011       0x12 rt_sim.o07
 .comment       0x0000000000000011       0x12 rti_assert.o07
 .comment       0x0000000000000011       0x12 rtican_err1202.o07
 .comment       0x0000000000000011       0x12 d:\Program Files\dSPACE RCPHIL 2017-B\DS1202\Lib/librtversion.a(RtVersion.o)
 .comment       0x0000000000000011       0x12 d:\Program Files\dSPACE RCPHIL 2017-B\DS1202\Lib/librtglobals.a(DsEESPort.o)
 .comment       0x0000000000000011       0x12 d:\Program Files\dSPACE RCPHIL 2017-B\DS1202\Lib/libm_fastpow.a(w_pow.o)
 .comment       0x0000000000000023       0x12 d:\Program Files\dSPACE RCPHIL 2017-B\DS1202\Lib/libm_fastpow.a(e_pow.o)
 .comment       0x0000000000000035       0x12 d:\Program Files\dSPACE RCPHIL 2017-B\DS1202\Lib/libm_fastpow.a(s_scalbn.o)
 .comment       0x0000000000000047       0x12 c:/programdata/dspace/1184d92c-d928-4591-a1e9-b54339797c20/compiler/qnx650_520/host/win32/x86/usr/bin/../lib/gcc/powerpc-unknown-nto-qnx6.5.0/5.2.0/crtend.o

.PPC.EMB.apuinfo
                0x0000000000000000       0x18
 .PPC.EMB.apuinfo
                0x0000000000000000       0x18 Bilateral_Ankle_Exo.o07

.debug
 *(.debug)

.line
 *(.line)

.debug_srcinfo
 *(.debug_srcinfo)

.debug_sfnames
 *(.debug_sfnames)

.debug_aranges
 *(.debug_aranges)

.debug_pubnames
 *(.debug_pubnames)

.debug_info
 *(.debug_info .gnu.linkonce.wi.*)

.debug_abbrev
 *(.debug_abbrev)

.debug_line
 *(.debug_line)

.debug_frame
 *(.debug_frame)

.debug_str
 *(.debug_str)

.debug_loc
 *(.debug_loc)

.debug_macinfo
 *(.debug_macinfo)

.debug_weaknames
 *(.debug_weaknames)

.debug_funcnames
 *(.debug_funcnames)

.debug_typenames
 *(.debug_typenames)

.debug_varnames
 *(.debug_varnames)

.debug_pubtypes
 *(.debug_pubtypes)

.debug_ranges
 *(.debug_ranges)

.gnu.attributes
                0x0000000000000000       0x14
 *(.gnu.attributes)
 .gnu.attributes
                0x0000000000000000       0x10 Bilateral_Ankle_Exo.o07
 .gnu.attributes
                0x0000000000000010       0x10 rtGetInf.o07
 .gnu.attributes
                0x0000000000000020       0x10 rtGetNaN.o07
 .gnu.attributes
                0x0000000000000030       0x10 rt_nonfinite.o07
 .gnu.attributes
                0x0000000000000040       0x10 rti_sim_engine.o07
 .gnu.attributes
                0x0000000000000050       0x10 rt_sim.o07
 .gnu.attributes
                0x0000000000000060       0x10 rti_assert.o07
 .gnu.attributes
                0x0000000000000070       0x14 d:\Program Files\dSPACE RCPHIL 2017-B\DS1202\Lib/libm_fastpow.a(w_pow.o)
 .gnu.attributes
                0x0000000000000084       0x14 d:\Program Files\dSPACE RCPHIL 2017-B\DS1202\Lib/libm_fastpow.a(e_pow.o)
 .gnu.attributes
                0x0000000000000098       0x14 d:\Program Files\dSPACE RCPHIL 2017-B\DS1202\Lib/libm_fastpow.a(s_scalbn.o)

/DISCARD/
 *(.note.GNU-stack)
 *(.gnu_debuglink)
OUTPUT(Bilateral_Ankle_Exo.ppc elf32-powerpc)
